// Jest Snapshot v1, https://goo.gl/fbAQLP

exports[`App snapshot renders the loading screen 1`] = `null`;

exports[`App snapshot renders the root without loading screen 1`] = `
<View
  style={
    Object {
      "backgroundColor": "#fff",
      "flex": 1,
    }
  }
>
  <View
    style={
      Object {
        "alignItems": "center",
        "flex": 1,
        "justifyContent": "center",
      }
    }
  >
    <ActivityIndicator
      animating={true}
      color="#999999"
      hidesWhenStopped={true}
      size="small"
    />
  </View>
</View>
`;
